// Jest Snapshot v1, https://goo.gl/fbAQLP

exports[`<StoryMedia> component renders correctly with a video file 1`] = `
<video
  class="video-player"
  controls=""
  controlslist="nodownload"
  id="video-playerundefined"
>
  <source
    type="video"
  />
</video>
`;

exports[`<StoryMedia> component renders correctly without a video 1`] = `
<audio
  controls=""
  id="audio-playerundefined"
>
  <source
    type="audio"
  />
</audio>
`;
